2026-09-17 22:50:07,863: INFO: main: Welcome to logging
2026-09-17 22:50:07,863: INFO: main: >>>>>> stage Data Ingestion Stage started <<<<<<
2026-09-17 22:50:07,866: INFO: common: yaml file : config\config.yaml loaded sucessfully
2026-09-17 22:50:07,868: INFO: common: yaml file : params.yaml loaded sucessfully
2026-09-17 22:50:07,869: INFO: common: yaml file : schema.yaml loaded sucessfully
2026-09-17 22:50:07,870: INFO: common: create directory at: artifacts
2026-09-17 22:50:07,872: INFO: common: create directory at: artifacts/data_ingestion
2026-09-17 22:50:09,232: INFO: data_ingestion: artifacts/data_ingestion/data.zip download! with following info: 
Connection: close
Content-Length: 23329
Cache-Control: max-age=300
Content-Security-Policy: default-src 'none'; style-src 'unsafe-inline'; sandbox
Content-Type: application/zip
ETag: "c69888a4ae59bc5a893392785a938ccd4937981c06ba8a9d6a21aa52b4ab5b6e"
Strict-Transport-Security: max-age=31536000
X-Content-Type-Options: nosniff
X-Frame-Options: deny
X-XSS-Protection: 1; mode=block
X-GitHub-Request-Id: 9744:278D24:19EE95:35CB6C:6AAC165E
x-github-edge-region: centralindia
Accept-Ranges: bytes
Date: Thu, 17 Sep 2026 17:20:09 GMT
Via: 1.1 varnish
X-Served-By: cache-bom-vanm7210050-BOM
X-Cache: HIT
X-Cache-Hits: 0
X-Timer: S1789665609.265999,VS0,VE247
Vary: Authorization,Accept-Encoding
Access-Control-Allow-Origin: *
Cross-Origin-Resource-Policy: cross-origin
X-Fastly-Request-ID: 10b68fabd9d83dd006b7b4eeef94f3b998c9a909
Expires: Thu, 17 Sep 2026 17:25:09 GMT
Source-Age: 0


2026-09-17 22:50:09,289: INFO: main: >>>>>  stage Data Ingestion Stage completed <<<<<<

x=====x
2026-09-18 12:20:25,772: INFO: common: yaml file : config\config.yaml loaded sucessfully
2026-09-18 12:20:25,799: INFO: common: yaml file : params.yaml loaded sucessfully
2026-09-18 12:20:25,809: INFO: common: yaml file : schema.yaml loaded sucessfully
2026-09-18 12:20:25,813: INFO: common: create directory at: artifacts
2026-09-18 12:20:25,817: INFO: common: create directory at: artifacts/data_validation
2026-09-18 12:44:29,745: INFO: main: Welcome to logging
2026-09-18 12:44:29,775: INFO: main: >>>>>> stage Data Ingestion Stage started <<<<<<
2026-09-18 12:44:29,779: INFO: common: yaml file : config\config.yaml loaded sucessfully
2026-09-18 12:44:29,780: INFO: common: yaml file : params.yaml loaded sucessfully
2026-09-18 12:44:29,785: INFO: common: yaml file : schema.yaml loaded sucessfully
2026-09-18 12:44:29,786: INFO: common: create directory at: artifacts
2026-09-18 12:44:29,787: INFO: common: create directory at: artifacts/data_ingestion
2026-09-18 12:44:29,789: INFO: data_ingestion: File already exists
2026-09-18 12:44:29,814: INFO: main: >>>>>  stage Data Ingestion Stage completed <<<<<<

x=====x
2026-09-18 12:44:29,814: INFO: main: >>>>>> stage Data Validation stage started <<<<<<
2026-09-18 12:44:29,818: INFO: common: yaml file : config\config.yaml loaded sucessfully
2026-09-18 12:44:29,820: INFO: common: yaml file : params.yaml loaded sucessfully
2026-09-18 12:44:29,825: INFO: common: yaml file : schema.yaml loaded sucessfully
2026-09-18 12:44:29,826: INFO: common: create directory at: artifacts
2026-09-18 12:44:29,827: INFO: common: create directory at: artifacts/data_validation
2026-09-18 12:44:29,873: INFO: main: >>>>>> stage Data Validation stage completed <<<<<<

x==========x
